// Vitest Snapshot v1, https://vitest.dev/guide/snapshot.html

exports[`procedural terrain: determinism and output > pins a snapshot hash per biome (update deliberately when the art changes) 1`] = `
{
  "castle": "167b5c9f",
  "grassland": "1b5bdf9a",
  "swamp": "30a8566d",
  "tundra": "d4b20ad5",
  "void": "2236e2fb",
  "volcano": "9ac425f4",
}
`;
