// Vitest Snapshot v1, https://vitest.dev/guide/snapshot.html

exports[`procedural terrain: determinism and output > pins a snapshot hash per biome (update deliberately when the art changes) 1`] = `
{
  "castle": "74bbf129",
  "grassland": "9e829a6d",
  "swamp": "20458bf7",
  "tundra": "54b05555",
  "void": "fb202efc",
  "volcano": "3968db10",
}
`;
