// Vitest Snapshot v1, https://vitest.dev/guide/snapshot.html

exports[`procedural terrain: determinism and output > pins a snapshot hash per biome (update deliberately when the art changes) 1`] = `
{
  "castle": "433a0b8e",
  "grassland": "de9aa97",
  "swamp": "3cc605a5",
  "tundra": "b8c8f97d",
  "void": "bfeb733a",
  "volcano": "b189136c",
}
`;
